Archive member included to satisfy reference by file (symbol)

C:/ST/STM32CubeIDE_1.17.0/STM32CubeIDE/plugins/com.st.stm32cube.ide.mcu.externaltools.gnu-tools-for-stm32.12.3.rel1.win32_1.1.0.202410251130/tools/bin/../lib/gcc/arm-none-eabi/12.3.1/../../../../arm-none-eabi/lib/thumb/v7e-m+fp/hard\libc_nano.a(libc_a-exit.o)
                              C:/ST/STM32CubeIDE_1.17.0/STM32CubeIDE/plugins/com.st.stm32cube.ide.mcu.externaltools.gnu-tools-for-stm32.12.3.rel1.win32_1.1.0.202410251130/tools/bin/../lib/gcc/arm-none-eabi/12.3.1/../../../../arm-none-eabi/lib/thumb/v7e-m+fp/hard/crt0.o (exit)
C:/ST/STM32CubeIDE_1.17.0/STM32CubeIDE/plugins/com.st.stm32cube.ide.mcu.externaltools.gnu-tools-for-stm32.12.3.rel1.win32_1.1.0.202410251130/tools/bin/../lib/gcc/arm-none-eabi/12.3.1/../../../../arm-none-eabi/lib/thumb/v7e-m+fp/hard\libc_nano.a(libc_a-malloc.o)
                              ./Middlewares/ST/STM32_USB_Host_Library/Class/CDC/Src/usbh_cdc.o (malloc)
C:/ST/STM32CubeIDE_1.17.0/STM32CubeIDE/plugins/com.st.stm32cube.ide.mcu.externaltools.gnu-tools-for-stm32.12.3.rel1.win32_1.1.0.202410251130/tools/bin/../lib/gcc/arm-none-eabi/12.3.1/../../../../arm-none-eabi/lib/thumb/v7e-m+fp/hard\libc_nano.a(libc_a-mallocr.o)
                              C:/ST/STM32CubeIDE_1.17.0/STM32CubeIDE/plugins/com.st.stm32cube.ide.mcu.externaltools.gnu-tools-for-stm32.12.3.rel1.win32_1.1.0.202410251130/tools/bin/../lib/gcc/arm-none-eabi/12.3.1/../../../../arm-none-eabi/lib/thumb/v7e-m+fp/hard\libc_nano.a(libc_a-malloc.o) (_malloc_r)
C:/ST/STM32CubeIDE_1.17.0/STM32CubeIDE/plugins/com.st.stm32cube.ide.mcu.externaltools.gnu-tools-for-stm32.12.3.rel1.win32_1.1.0.202410251130/tools/bin/../lib/gcc/arm-none-eabi/12.3.1/../../../../arm-none-eabi/lib/thumb/v7e-m+fp/hard\libc_nano.a(libc_a-mlock.o)
                              C:/ST/STM32CubeIDE_1.17.0/STM32CubeIDE/plugins/com.st.stm32cube.ide.mcu.externaltools.gnu-tools-for-stm32.12.3.rel1.win32_1.1.0.202410251130/tools/bin/../lib/gcc/arm-none-eabi/12.3.1/../../../../arm-none-eabi/lib/thumb/v7e-m+fp/hard\libc_nano.a(libc_a-mallocr.o) (__malloc_lock)
C:/ST/STM32CubeIDE_1.17.0/STM32CubeIDE/plugins/com.st.stm32cube.ide.mcu.externaltools.gnu-tools-for-stm32.12.3.rel1.win32_1.1.0.202410251130/tools/bin/../lib/gcc/arm-none-eabi/12.3.1/../../../../arm-none-eabi/lib/thumb/v7e-m+fp/hard\libc_nano.a(libc_a-findfp.o)
                              C:/ST/STM32CubeIDE_1.17.0/STM32CubeIDE/plugins/com.st.stm32cube.ide.mcu.externaltools.gnu-tools-for-stm32.12.3.rel1.win32_1.1.0.202410251130/tools/bin/../lib/gcc/arm-none-eabi/12.3.1/../../../../arm-none-eabi/lib/thumb/v7e-m+fp/hard\libc_nano.a(libc_a-exit.o) (__stdio_exit_handler)
C:/ST/STM32CubeIDE_1.17.0/STM32CubeIDE/plugins/com.st.stm32cube.ide.mcu.externaltools.gnu-tools-for-stm32.12.3.rel1.win32_1.1.0.202410251130/tools/bin/../lib/gcc/arm-none-eabi/12.3.1/../../../../arm-none-eabi/lib/thumb/v7e-m+fp/hard\libc_nano.a(libc_a-fwalk.o)
                              C:/ST/STM32CubeIDE_1.17.0/STM32CubeIDE/plugins/com.st.stm32cube.ide.mcu.externaltools.gnu-tools-for-stm32.12.3.rel1.win32_1.1.0.202410251130/tools/bin/../lib/gcc/arm-none-eabi/12.3.1/../../../../arm-none-eabi/lib/thumb/v7e-m+fp/hard\libc_nano.a(libc_a-findfp.o) (_fwalk_sglue)
C:/ST/STM32CubeIDE_1.17.0/STM32CubeIDE/plugins/com.st.stm32cube.ide.mcu.externaltools.gnu-tools-for-stm32.12.3.rel1.win32_1.1.0.202410251130/tools/bin/../lib/gcc/arm-none-eabi/12.3.1/../../../../arm-none-eabi/lib/thumb/v7e-m+fp/hard\libc_nano.a(libc_a-stdio.o)
                              C:/ST/STM32CubeIDE_1.17.0/STM32CubeIDE/plugins/com.st.stm32cube.ide.mcu.externaltools.gnu-tools-for-stm32.12.3.rel1.win32_1.1.0.202410251130/tools/bin/../lib/gcc/arm-none-eabi/12.3.1/../../../../arm-none-eabi/lib/thumb/v7e-m+fp/hard\libc_nano.a(libc_a-findfp.o) (__sread)
C:/ST/STM32CubeIDE_1.17.0/STM32CubeIDE/plugins/com.st.stm32cube.ide.mcu.externaltools.gnu-tools-for-stm32.12.3.rel1.win32_1.1.0.202410251130/tools/bin/../lib/gcc/arm-none-eabi/12.3.1/../../../../arm-none-eabi/lib/thumb/v7e-m+fp/hard\libc_nano.a(libc_a-memset.o)
                              C:/ST/STM32CubeIDE_1.17.0/STM32CubeIDE/plugins/com.st.stm32cube.ide.mcu.externaltools.gnu-tools-for-stm32.12.3.rel1.win32_1.1.0.202410251130/tools/bin/../lib/gcc/arm-none-eabi/12.3.1/../../../../arm-none-eabi/lib/thumb/v7e-m+fp/hard/crt0.o (memset)
C:/ST/STM32CubeIDE_1.17.0/STM32CubeIDE/plugins/com.st.stm32cube.ide.mcu.externaltools.gnu-tools-for-stm32.12.3.rel1.win32_1.1.0.202410251130/tools/bin/../lib/gcc/arm-none-eabi/12.3.1/../../../../arm-none-eabi/lib/thumb/v7e-m+fp/hard\libc_nano.a(libc_a-strchr.o)
                              ./Core/Src/main.o (strchr)
C:/ST/STM32CubeIDE_1.17.0/STM32CubeIDE/plugins/com.st.stm32cube.ide.mcu.externaltools.gnu-tools-for-stm32.12.3.rel1.win32_1.1.0.202410251130/tools/bin/../lib/gcc/arm-none-eabi/12.3.1/../../../../arm-none-eabi/lib/thumb/v7e-m+fp/hard\libc_nano.a(libc_a-strstr.o)
                              ./Core/Src/main.o (strstr)
[...]
Memory Configuration

Name             Origin             Length             Attributes
RAM              0x20000000         0x00020000         xrw
FLASH            0x08000000         0x00080000         xr
*default*        0x00000000         0xffffffff

Linker script and memory map

LOAD C:/ST/STM32CubeIDE_1.17.0/STM32CubeIDE/plugins/com.st.stm32cube.ide.mcu.externaltools.gnu-tools-for-stm32.12.3.rel1.win32_1.1.0.202410251130/tools/bin/../lib/gcc/arm-none-eabi/12.3.1/thumb/v7e-m+fp/hard/crti.o
LOAD C:/ST/STM32CubeIDE_1.17.0/STM32CubeIDE/plugins/com.st.stm32cube.ide.mcu.externaltools.gnu-tools-for-stm32.12.3.rel1.win32_1.1.0.202410251130/tools/bin/../lib/gcc/arm-none-eabi/12.3.1/thumb/v7e-m+fp/hard/crtbegin.o
LOAD C:/ST/STM32CubeIDE_1.17.0/STM32CubeIDE/plugins/com.st.stm32cube.ide.mcu.externaltools.gnu-tools-for-stm32.12.3.rel1.win32_1.1.0.202410251130/tools/bin/../lib/gcc/arm-none-eabi/12.3.1/../../../../arm-none-eabi/lib/thumb/v7e-m+fp/hard/crt0.o
LOAD ./Core/Src/main.o
LOAD ./Core/Src/stm32f4xx_hal_msp.o
LOAD ./Core/Src/stm32f4xx_it.o
LOAD ./Core/Src/syscalls.o
LOAD ./Core/Src/sysmem.o
LOAD ./Core/Src/system_stm32f4xx.o
LOAD ./Core/Startup/startup_stm32f411vetx.o
LOAD ./Drivers/STM32F4xx_HAL_Driver/Src/stm32f4xx_hal.o
LOAD ./Drivers/STM32F4xx_HAL_Driver/Src/stm32f4xx_hal_cortex.o
LOAD ./Drivers/STM32F4xx_HAL_Driver/Src/stm32f4xx_hal_dma.o
LOAD ./Drivers/STM32F4xx_HAL_Driver/Src/stm32f4xx_hal_dma_ex.o
LOAD ./Drivers/STM32F4xx_HAL_Driver/Src/stm32f4xx_hal_exti.o
LOAD ./Drivers/STM32F4xx_HAL_Driver/Src/stm32f4xx_hal_flash.o
LOAD ./Drivers/STM32F4xx_HAL_Driver/Src/stm32f4xx_hal_flash_ex.o
LOAD ./Drivers/STM32F4xx_HAL_Driver/Src/stm32f4xx_hal_flash_ramfunc.o
LOAD ./Drivers/STM32F4xx_HAL_Driver/Src/stm32f4xx_hal_gpio.o
LOAD ./Drivers/STM32F4xx_HAL_Driver/Src/stm32f4xx_hal_hcd.o
LOAD ./Drivers/STM32F4xx_HAL_Driver/Src/stm32f4xx_hal_i2c.o
LOAD ./Drivers/STM32F4xx_HAL_Driver/Src/stm32f4xx_hal_i2c_ex.o
LOAD ./Drivers/STM32F4xx_HAL_Driver/Src/stm32f4xx_hal_i2s.o
LOAD ./Drivers/STM32F4xx_HAL_Driver/Src/stm32f4xx_hal_i2s_ex.o
LOAD ./Drivers/STM32F4xx_HAL_Driver/Src/stm32f4xx_hal_pwr.o
LOAD ./Drivers/STM32F4xx_HAL_Driver/Src/stm32f4xx_hal_pwr_ex.o
LOAD ./Drivers/STM32F4xx_HAL_Driver/Src/stm32f4xx_hal_rcc.o
LOAD ./Drivers/STM32F4xx_HAL_Driver/Src/stm32f4xx_hal_rcc_ex.o
LOAD ./Drivers/STM32F4xx_HAL_Driver/Src/stm32f4xx_hal_spi.o
LOAD ./Drivers/STM32F4xx_HAL_Driver/Src/stm32f4xx_ll_usb.o
LOAD ./Middlewares/ST/STM32_USB_Host_Library/Class/CDC/Src/usbh_cdc.o
LOAD ./Middlewares/ST/STM32_USB_Host_Library/Core/Src/usbh_core.o
LOAD ./Middlewares/ST/STM32_USB_Host_Library/Core/Src/usbh_ctlreq.o
LOAD ./Middlewares/ST/STM32_USB_Host_Library/Core/Src/usbh_ioreq.o
LOAD ./Middlewares/ST/STM32_USB_Host_Library/Core/Src/usbh_pipes.o
LOAD ./USB_HOST/App/usb_host.o
LOAD ./USB_HOST/Target/usbh_conf.o
LOAD ./USB_HOST/Target/usbh_platform.o
START GROUP
LOAD C:/ST/STM32CubeIDE_1.17.0/STM32CubeIDE/plugins/com.st.stm32cube.ide.mcu.externaltools.gnu-tools-for-stm32.12.3.rel1.win32_1.1.0.202410251130/tools/bin/../lib/gcc/arm-none-eabi/12.3.1/../../../../arm-none-eabi/lib/thumb/v7e-m+fp/hard\libc_nano.a
LOAD C:/ST/STM32CubeIDE_1.17.0/STM32CubeIDE/plugins/com.st.stm32cube.ide.mcu.externaltools.gnu-tools-for-stm32.12.3.rel1.win32_1.1.0.202410251130/tools/bin/../lib/gcc/arm-none-eabi/12.3.1/../../../../arm-none-eabi/lib/thumb/v7e-m+fp/hard\libm.a
END GROUP
START GROUP
LOAD C:/ST/STM32CubeIDE_1.17.0/STM32CubeIDE/plugins/com.st.stm32cube.ide.mcu.externaltools.gnu-tools-for-stm32.12.3.rel1.win32_1.1.0.202410251130/tools/bin/../lib/gcc/arm-none-eabi/12.3.1/thumb/v7e-m+fp/hard\libgcc.a
LOAD C:/ST/STM32CubeIDE_1.17.0/STM32CubeIDE/plugins/com.st.stm32cube.ide.mcu.externaltools.gnu-tools-for-stm32.12.3.rel1.win32_1.1.0.202410251130/tools/bin/../lib/gcc/arm-none-eabi/12.3.1/../../../../arm-none-eabi/lib/thumb/v7e-m+fp/hard\libc_nano.a
END GROUP
START GROUP
LOAD C:/ST/STM32CubeIDE_1.17.0/STM32CubeIDE/plugins/com.st.stm32cube.ide.mcu.externaltools.gnu-tools-for-stm32.12.3.rel1.win32_1.1.0.202410251130/tools/bin/../lib/gcc/arm-none-eabi/12.3.1/thumb/v7e-m+fp/hard\libgcc.a
LOAD C:/ST/STM32CubeIDE_1.17.0/STM32CubeIDE/plugins/com.st.stm32cube.ide.mcu.externaltools.gnu-tools-for-stm32.12.3.rel1.win32_1.1.0.202410251130/tools/bin/../lib/gcc/arm-none-eabi/12.3.1/../../../../arm-none-eabi/lib/thumb/v7e-m+fp/hard\libc_nano.a
LOAD C:/ST/STM32CubeIDE_1.17.0/STM32CubeIDE/plugins/com.st.stm32cube.ide.mcu.externaltools.gnu-tools-for-stm32.12.3.rel1.win32_1.1.0.202410251130/tools/bin/../lib/gcc/arm-none-eabi/12.3.1/../../../../arm-none-eabi/lib/thumb/v7e-m+fp/hard\libnosys.a
END GROUP
START GROUP
LOAD C:/ST/STM32CubeIDE_1.17.0/STM32CubeIDE/plugins/com.st.stm32cube.ide.mcu.externaltools.gnu-tools-for-stm32.12.3.rel1.win32_1.1.0.202410251130/tools/bin/../lib/gcc/arm-none-eabi/12.3.1/thumb/v7e-m+fp/hard\libgcc.a
LOAD C:/ST/STM32CubeIDE_1.17.0/STM32CubeIDE/plugins/com.st.stm32cube.ide.mcu.externaltools.gnu-tools-for-stm32.12.3.rel1.win32_1.1.0.202410251130/tools/bin/../lib/gcc/arm-none-eabi/12.3.1/../../../../arm-none-eabi/lib/thumb/v7e-m+fp/hard\libc_nano.a
LOAD C:/ST/STM32CubeIDE_1.17.0/STM32CubeIDE/plugins/com.st.stm32cube.ide.mcu.externaltools.gnu-tools-for-stm32.12.3.rel1.win32_1.1.0.202410251130/tools/bin/../lib/gcc/arm-none-eabi/12.3.1/../../../../arm-none-eabi/lib/thumb/v7e-m+fp/hard\libnosys.a
END GROUP
LOAD C:/ST/STM32CubeIDE_1.17.0/STM32CubeIDE/plugins/com.st.stm32cube.ide.mcu.externaltools.gnu-tools-for-stm32.12.3.rel1.win32_1.1.0.202410251130/tools/bin/../lib/gcc/arm-none-eabi/12.3.1/thumb/v7e-m+fp/hard/crtend.o
LOAD C:/ST/STM32CubeIDE_1.17.0/STM32CubeIDE/plugins/com.st.stm32cube.ide.mcu.externaltools.gnu-tools-for-stm32.12.3.rel1.win32_1.1.0.202410251130/tools/bin/../lib/gcc/arm-none-eabi/12.3.1/thumb/v7e-m+fp/hard/crtn.o
                0x20020000                        _estack = (ORIGIN (RAM) + LENGTH (RAM))
                0x00000200                        _Min_Heap_Size = 0x200
                0x00000400                        _Min_Stack_Size = 0x400

.isr_vector     0x08000000      0x198
                0x08000000                        . = ALIGN (0x4)
 *(.isr_vector)
 .isr_vector    0x08000000      0x198 ./Core/Startup/startup_stm32f411vetx.o
                0x08000000                g_pfnVectors
                0x08000198                        . = ALIGN (0x4)

.text           0x08000198     0x2e5c
                0x08000198                        . = ALIGN (0x4)
 *(.text)
 .text          0x08000198       0x40 C:/ST/STM32CubeIDE_1.17.0/STM32CubeIDE/plugins/com.st.stm32cube.ide.mcu.externaltools.gnu-tools-for-stm32.12.3.rel1.win32_1.1.0.202410251130/tools/bin/../lib/gcc/arm-none-eabi/12.3.1/thumb/v7e-m+fp/hard/crtbegin.o
 .text          0x080001d8       0x10 C:/ST/STM32CubeIDE_1.17.0/STM32CubeIDE/plugins/com.st.stm32cube.ide.mcu.externaltools.gnu-tools-for-stm32.12.3.rel1.win32_1.1.0.202410251130/tools/bin/../lib/gcc/arm-none-eabi/12.3.1/../../../../arm-none-eabi/lib/thumb/v7e-m+fp/hard\libc_nano.a(libc_a-strlen.o)
                0x080001d8                strlen
 *(.text*)
 .text.Button_Init
                0x080001e8       0x48 ./Core/Src/main.o
                0x080001e8                Button_Init
 .text.Led_Init
                0x08000230       0x54 ./Core/Src/main.o
                0x08000230                Led_Init
 .text.Led_Ctrl
                0x08000284       0x4c ./Core/Src/main.o
                0x08000284                Led_Ctrl
 .text.Button_Status
                0x080002d0       0x24 ./Core/Src/main.o
                0x080002d0                Button_Status
 .text.Button_Interrupt_Int
                0x080002f4       0x64 ./Core/Src/main.o
                0x080002f4                Button_Interrupt_Int
 .text.EXTI0_IRQHandler
                0x08000358       0x38 ./Core/Src/main.o
                0x08000358                EXTI0_IRQHandler
 .text.Uart_Init
                0x08000390       0xf4 ./Core/Src/main.o
                0x08000390                Uart_Init
 .text.uart_send_one_byte
                0x08000484       0x4c ./Core/Src/main.o
                0x08000484                uart_send_one_byte
 .text.uart_send_string
                0x080004d0       0x3e ./Core/Src/main.o
                0x080004d0                uart_send_string
 *fill*         0x0800050e        0x2 
 .text.uart_receive_one_byte
                0x08000510       0x38 ./Core/Src/main.o
                0x08000510                uart_receive_one_byte
 .text.USART1_IRQHandler
                0x08000548      0x118 ./Core/Src/main.o
                0x08000548                USART1_IRQHandler
 .text.DMA2_Stream2_IRQHandler
                0x08000660       0x58 ./Core/Src/main.o
                0x08000660                DMA2_Stream2_IRQHandler
 .text.main     0x080006b8       0x58 ./Core/Src/main.o
                0x080006b8                main
 .text.HAL_MspInit
                0x08000710       0x50 ./Core/Src/stm32f4xx_hal_msp.o
                0x08000710                HAL_MspInit
 .text.NMI_Handler
                0x08000760        0x8 ./Core/Src/stm32f4xx_it.o
                0x08000760                NMI_Handler
 .text.HardFault_Handler
                0x08000768        0x8 ./Core/Src/stm32f4xx_it.o
                0x08000768                HardFault_Handler
 .text.MemManage_Handler
                0x08000770        0x8 ./Core/Src/stm32f4xx_it.o
                0x08000770                MemManage_Handler
 .text.BusFault_Handler
                0x08000778        0x8 ./Core/Src/stm32f4xx_it.o
                0x08000778                BusFault_Handler
 .text.UsageFault_Handler
                0x08000780        0x8 ./Core/Src/stm32f4xx_it.o
                0x08000780                UsageFault_Handler
 .text.SVC_Handler
                0x08000788        0xe ./Core/Src/stm32f4xx_it.o
                0x08000788                SVC_Handler
 .text.DebugMon_Handler
                0x08000796        0xe ./Core/Src/stm32f4xx_it.o
                0x08000796                DebugMon_Handler
 .text.PendSV_Handler
                0x080007a4        0xe ./Core/Src/stm32f4xx_it.o
                0x080007a4                PendSV_Handler
 .text.SysTick_Handler
                0x080007b2        0xc ./Core/Src/stm32f4xx_it.o
                0x080007b2                SysTick_Handler
 *fill*         0x080007be        0x2 
 .text.OTG_FS_IRQHandler
                0x080007c0       0x14 ./Core/Src/stm32f4xx_it.o
                0x080007c0                OTG_FS_IRQHandler
 .text.SystemInit
                0x080007d4       0x24 ./Core/Src/system_stm32f4xx.o
                0x080007d4                SystemInit
 .text.Reset_Handler
                0x080007f8       0x50 ./Core/Startup/startup_stm32f411vetx.o
                0x080007f8                Reset_Handler
 .text.Default_Handler
                0x08000848        0x2 ./Core/Startup/startup_stm32f411vetx.o
                0x08000848                RTC_Alarm_IRQHandler
                0x08000848                EXTI2_IRQHandler
                0x08000848                SPI4_IRQHandler
                0x08000848                TIM1_CC_IRQHandler
                0x08000848                DMA2_Stream5_IRQHandler
                0x08000848                DMA1_Stream5_IRQHandler
                0x08000848                PVD_IRQHandler
                0x08000848                SDIO_IRQHandler
                0x08000848                TAMP_STAMP_IRQHandler
                0x08000848                EXTI3_IRQHandler
                0x08000848                TIM1_UP_TIM10_IRQHandler
                0x08000848                I2C3_ER_IRQHandler
                0x08000848                I2C2_EV_IRQHandler
                0x08000848                DMA1_Stream2_IRQHandler
                0x08000848                FPU_IRQHandler
                0x08000848                SPI1_IRQHandler
                0x08000848                TIM1_BRK_TIM9_IRQHandler
                0x08000848                DMA2_Stream3_IRQHandler
                0x08000848                USART6_IRQHandler
                0x08000848                DMA2_Stream0_IRQHandler
                0x08000848                TIM4_IRQHandler
                0x08000848                I2C1_EV_IRQHandler
                0x08000848                DMA1_Stream6_IRQHandler
                0x08000848                DMA1_Stream1_IRQHandler
                0x08000848                TIM3_IRQHandler
                0x08000848                RCC_IRQHandler
                0x08000848                Default_Handler
                0x08000848                EXTI15_10_IRQHandler
                0x08000848                ADC_IRQHandler
                0x08000848                DMA1_Stream7_IRQHandler
                0x08000848                SPI5_IRQHandler
                0x08000848                TIM5_IRQHandler
                0x08000848                DMA2_Stream7_IRQHandler
                0x08000848                I2C3_EV_IRQHandler
                0x08000848                EXTI9_5_IRQHandler
                0x08000848                RTC_WKUP_IRQHandler
                0x08000848                SPI2_IRQHandler
                0x08000848                DMA1_Stream0_IRQHandler
                0x08000848                EXTI4_IRQHandler
                0x08000848                WWDG_IRQHandler
                0x08000848                TIM2_IRQHandler
                0x08000848                OTG_FS_WKUP_IRQHandler
                0x08000848                TIM1_TRG_COM_TIM11_IRQHandler
                0x08000848                EXTI1_IRQHandler
                0x08000848                USART2_IRQHandler
                0x08000848                I2C2_ER_IRQHandler
                0x08000848                DMA2_Stream1_IRQHandler
                0x08000848                FLASH_IRQHandler
                0x08000848                DMA2_Stream4_IRQHandler
                0x08000848                SPI3_IRQHandler
                0x08000848                DMA1_Stream4_IRQHandler
                0x08000848                I2C1_ER_IRQHandler
                0x08000848                DMA2_Stream6_IRQHandler
                0x08000848                DMA1_Stream3_IRQHandler
 *fill*         0x0800084a        0x2 
 .text.HAL_Init
                0x0800084c       0x44 ./Drivers/STM32F4xx_HAL_Driver/Src/stm32f4xx_hal.o
                0x0800084c                HAL_Init
 .text.HAL_InitTick
                0x08000890       0x60 ./Drivers/STM32F4xx_HAL_Driver/Src/stm32f4xx_hal.o
                0x08000890                HAL_InitTick
 .text.HAL_IncTick
                0x080008f0       0x28 ./Drivers/STM32F4xx_HAL_Driver/Src/stm32f4xx_hal.o
                0x080008f0                HAL_IncTick
 .text.HAL_GetTick
                0x08000918       0x18 ./Drivers/STM32F4xx_HAL_Driver/Src/stm32f4xx_hal.o
                0x08000918                HAL_GetTick
 .text.HAL_Delay
                0x08000930       0x48 ./Drivers/STM32F4xx_HAL_Driver/Src/stm32f4xx_hal.o
                0x08000930                HAL_Delay
 .text.__NVIC_SetPriorityGrouping
                0x08000978       0x48 ./Drivers/STM32F4xx_HAL_Driver/Src/stm32f4xx_hal_cortex.o
 .text.__NVIC_GetPriorityGrouping
                0x080009c0       0x1c ./Drivers/STM32F4xx_HAL_Driver/Src/stm32f4xx_hal_cortex.o
 .text.__NVIC_SetPriority
                0x080009dc       0x54 ./Drivers/STM32F4xx_HAL_Driver/Src/stm32f4xx_hal_cortex.o
 .text.NVIC_EncodePriority
                0x08000a30       0x66 ./Drivers/STM32F4xx_HAL_Driver/Src/stm32f4xx_hal_cortex.o
 *fill*         0x08000a96        0x2 
 .text.SysTick_Config
                0x08000a98       0x44 ./Drivers/STM32F4xx_HAL_Driver/Src/stm32f4xx_hal_cortex.o
 .text.HAL_NVIC_SetPriorityGrouping
                0x08000adc       0x16 ./Drivers/STM32F4xx_HAL_Driver/Src/stm32f4xx_hal_cortex.o
                0x08000adc                HAL_NVIC_SetPriorityGrouping
 .text.HAL_NVIC_SetPriority
                0x08000af2       0x38 ./Drivers/STM32F4xx_HAL_Driver/Src/stm32f4xx_hal_cortex.o
                0x08000af2                HAL_NVIC_SetPriority
 .text.HAL_SYSTICK_Config
                0x08000b2a       0x18 ./Drivers/STM32F4xx_HAL_Driver/Src/stm32f4xx_hal_cortex.o
                0x08000b2a                HAL_SYSTICK_Config
 .text.HAL_HCD_IRQHandler
                0x08000b42      0x220 ./Drivers/STM32F4xx_HAL_Driver/Src/stm32f4xx_hal_hcd.o
                0x08000b42                HAL_HCD_IRQHandler
 .text.HAL_HCD_Stop
                0x08000d62       0x3a ./Drivers/STM32F4xx_HAL_Driver/Src/stm32f4xx_hal_hcd.o
                0x08000d62                HAL_HCD_Stop
 .text.HCD_HC_IN_IRQHandler
                0x08000d9c      0xcd2 ./Drivers/STM32F4xx_HAL_Driver/Src/stm32f4xx_hal_hcd.o
 .text.HCD_HC_OUT_IRQHandler
                0x08001a6e      0x97e ./Drivers/STM32F4xx_HAL_Driver/Src/stm32f4xx_hal_hcd.o
 .text.HCD_RXQLVL_IRQHandler
                0x080023ec      0x1be ./Drivers/STM32F4xx_HAL_Driver/Src/stm32f4xx_hal_hcd.o
 .text.HCD_Port_IRQHandler
                0x080025aa       0xe6 ./Drivers/STM32F4xx_HAL_Driver/Src/stm32f4xx_hal_hcd.o
 .text.USB_EnableGlobalInt
                0x08002690       0x22 ./Drivers/STM32F4xx_HAL_Driver/Src/stm32f4xx_ll_usb.o
                0x08002690                USB_EnableGlobalInt
 .text.USB_DisableGlobalInt
                0x080026b2       0x22 ./Drivers/STM32F4xx_HAL_Driver/Src/stm32f4xx_ll_usb.o
                0x080026b2                USB_DisableGlobalInt
 .text.USB_FlushTxFifo
                0x080026d4       0x64 ./Drivers/STM32F4xx_HAL_Driver/Src/stm32f4xx_ll_usb.o
                0x080026d4                USB_FlushTxFifo
 .text.USB_FlushRxFifo
                0x08002738       0x5c ./Drivers/STM32F4xx_HAL_Driver/Src/stm32f4xx_ll_usb.o
                0x08002738                USB_FlushRxFifo
 .text.USB_ReadPacket
                0x08002794       0xb0 ./Drivers/STM32F4xx_HAL_Driver/Src/stm32f4xx_ll_usb.o
                0x08002794                USB_ReadPacket
 .text.USB_ReadInterrupts
                0x08002844       0x26 ./Drivers/STM32F4xx_HAL_Driver/Src/stm32f4xx_ll_usb.o
                0x08002844                USB_ReadInterrupts
 .text.USB_ReadChInterrupts
                0x0800286a       0x42 ./Drivers/STM32F4xx_HAL_Driver/Src/stm32f4xx_ll_usb.o
                0x0800286a                USB_ReadChInterrupts
 .text.USB_GetMode
                0x080028ac       0x1c ./Drivers/STM32F4xx_HAL_Driver/Src/stm32f4xx_ll_usb.o
                0x080028ac                USB_GetMode
 .text.USB_InitFSLSPClkSel
                0x080028c8       0x7a ./Drivers/STM32F4xx_HAL_Driver/Src/stm32f4xx_ll_usb.o
                0x080028c8                USB_InitFSLSPClkSel
 .text.USB_HC_ReadInterrupt
                0x08002942       0x22 ./Drivers/STM32F4xx_HAL_Driver/Src/stm32f4xx_ll_usb.o
                0x08002942                USB_HC_ReadInterrupt
 .text.USB_HC_Halt
                0x08002964      0x240 ./Drivers/STM32F4xx_HAL_Driver/Src/stm32f4xx_ll_usb.o
                0x08002964                USB_HC_Halt
 .text.USB_StopHost
                0x08002ba4      0x124 ./Drivers/STM32F4xx_HAL_Driver/Src/stm32f4xx_ll_usb.o
                0x08002ba4                USB_StopHost
 .text.USBH_LL_IncTimer
                0x08002cc8       0x24 ./Middlewares/ST/STM32_USB_Host_Library/Core/Src/usbh_core.o
                0x08002cc8                USBH_LL_IncTimer
 .text.USBH_HandleSof
                0x08002cec       0x30 ./Middlewares/ST/STM32_USB_Host_Library/Core/Src/usbh_core.o
 .text.USBH_LL_PortEnabled
                0x08002d1c       0x1c ./Middlewares/ST/STM32_USB_Host_Library/Core/Src/usbh_core.o
                0x08002d1c                USBH_LL_PortEnabled
 .text.USBH_LL_PortDisabled
                0x08002d38       0x1c ./Middlewares/ST/STM32_USB_Host_Library/Core/Src/usbh_core.o
                0x08002d38                USBH_LL_PortDisabled
 .text.USBH_LL_Connect
                0x08002d54       0x2e ./Middlewares/ST/STM32_USB_Host_Library/Core/Src/usbh_core.o
                0x08002d54                USBH_LL_Connect
 .text.USBH_LL_Disconnect
                0x08002d82       0x48 ./Middlewares/ST/STM32_USB_Host_Library/Core/Src/usbh_core.o
                0x08002d82                USBH_LL_Disconnect
 .text.USBH_FreePipe
                0x08002dca       0x3c ./Middlewares/ST/STM32_USB_Host_Library/Core/Src/usbh_pipes.o
                0x08002dca                USBH_FreePipe
 .text.HAL_HCD_SOF_Callback
                0x08002e06       0x1c ./USB_HOST/Target/usbh_conf.o
                0x08002e06                HAL_HCD_SOF_Callback
 .text.HAL_HCD_Connect_Callback
                0x08002e22       0x1c ./USB_HOST/Target/usbh_conf.o
                0x08002e22                HAL_HCD_Connect_Callback
 .text.HAL_HCD_Disconnect_Callback
                0x08002e3e       0x1c ./USB_HOST/Target/usbh_conf.o
                0x08002e3e                HAL_HCD_Disconnect_Callback
 .text.HAL_HCD_HC_NotifyURBChange_Callback
                0x08002e5a       0x1c ./USB_HOST/Target/usbh_conf.o
                0x08002e5a                HAL_HCD_HC_NotifyURBChange_Callback
 .text.HAL_HCD_PortEnabled_Callback
                0x08002e76       0x1c ./USB_HOST/Target/usbh_conf.o
                0x08002e76                HAL_HCD_PortEnabled_Callback
 .text.HAL_HCD_PortDisabled_Callback
                0x08002e92       0x1c ./USB_HOST/Target/usbh_conf.o
                0x08002e92                HAL_HCD_PortDisabled_Callback
 .text.USBH_LL_Stop
                0x08002eae       0x36 ./USB_HOST/Target/usbh_conf.o
                0x08002eae                USBH_LL_Stop
 .text.USBH_Get_USB_Status
                0x08002ee4       0x58 ./USB_HOST/Target/usbh_conf.o
                0x08002ee4                USBH_Get_USB_Status
 .text.memset   0x08002f3c       0x10 C:/ST/STM32CubeIDE_1.17.0/STM32CubeIDE/plugins/com.st.stm32cube.ide.mcu.externaltools.gnu-tools-for-stm32.12.3.rel1.win32_1.1.0.202410251130/tools/bin/../lib/gcc/arm-none-eabi/12.3.1/../../../../arm-none-eabi/lib/thumb/v7e-m+fp/hard\libc_nano.a(libc_a-memset.o)
                0x08002f3c                memset
 .text.strchr   0x08002f4c       0x1a C:/ST/STM32CubeIDE_1.17.0/STM32CubeIDE/plugins/com.st.stm32cube.ide.mcu.externaltools.gnu-tools-for-stm32.12.3.rel1.win32_1.1.0.202410251130/tools/bin/../lib/gcc/arm-none-eabi/12.3.1/../../../../arm-none-eabi/lib/thumb/v7e-m+fp/hard\libc_nano.a(libc_a-strchr.o)
                0x08002f4c                strchr
 .text.strstr   0x08002f66       0x2c C:/ST/STM32CubeIDE_1.17.0/STM32CubeIDE/plugins/com.st.stm32cube.ide.mcu.externaltools.gnu-tools-for-stm32.12.3.rel1.win32_1.1.0.202410251130/tools/bin/../lib/gcc/arm-none-eabi/12.3.1/../../../../arm-none-eabi/lib/thumb/v7e-m+fp/hard\libc_nano.a(libc_a-strstr.o)
                0x08002f66                strstr
 *fill*         0x08002f92        0x2 
 .text.__libc_init_array
                0x08002f94       0x48 C:/ST/STM32CubeIDE_1.17.0/STM32CubeIDE/plugins/com.st.stm32cube.ide.mcu.externaltools.gnu-tools-for-stm32.12.3.rel1.win32_1.1.0.202410251130/tools/bin/../lib/gcc/arm-none-eabi/12.3.1/../../../../arm-none-eabi/lib/thumb/v7e-m+fp/hard\libc_nano.a(libc_a-init.o)
                0x08002f94                __libc_init_array
 *(.glue_7)
 .glue_7        0x08002fdc        0x0 linker stubs
 *(.glue_7t)
 .glue_7t       0x08002fdc        0x0 linker stubs
 *(.eh_frame)
 .eh_frame      0x08002fdc        0x0 C:/ST/STM32CubeIDE_1.17.0/STM32CubeIDE/plugins/com.st.stm32cube.ide.mcu.externaltools.gnu-tools-for-stm32.12.3.rel1.win32_1.1.0.202410251130/tools/bin/../lib/gcc/arm-none-eabi/12.3.1/thumb/v7e-m+fp/hard/crtbegin.o
 *(.init)
 .init          0x08002fdc        0x4 C:/ST/STM32CubeIDE_1.17.0/STM32CubeIDE/plugins/com.st.stm32cube.ide.mcu.externaltools.gnu-tools-for-stm32.12.3.rel1.win32_1.1.0.202410251130/tools/bin/../lib/gcc/arm-none-eabi/12.3.1/thumb/v7e-m+fp/hard/crti.o
                0x08002fdc                _init
 .init          0x08002fe0        0x8 C:/ST/STM32CubeIDE_1.17.0/STM32CubeIDE/plugins/com.st.stm32cube.ide.mcu.externaltools.gnu-tools-for-stm32.12.3.rel1.win32_1.1.0.202410251130/tools/bin/../lib/gcc/arm-none-eabi/12.3.1/thumb/v7e-m+fp/hard/crtn.o
 *(.fini)
 .fini          0x08002fe8        0x4 C:/ST/STM32CubeIDE_1.17.0/STM32CubeIDE/plugins/com.st.stm32cube.ide.mcu.externaltools.gnu-tools-for-stm32.12.3.rel1.win32_1.1.0.202410251130/tools/bin/../lib/gcc/arm-none-eabi/12.3.1/thumb/v7e-m+fp/hard/crti.o
                0x08002fe8                _fini
 .fini          0x08002fec        0x8 C:/ST/STM32CubeIDE_1.17.0/STM32CubeIDE/plugins/com.st.stm32cube.ide.mcu.externaltools.gnu-tools-for-stm32.12.3.rel1.win32_1.1.0.202410251130/tools/bin/../lib/gcc/arm-none-eabi/12.3.1/thumb/v7e-m+fp/hard/crtn.o
                0x08002ff4                        . = ALIGN (0x4)
                0x08002ff4                        _etext = .

.vfp11_veneer   0x08002ff4        0x0
 .vfp11_veneer  0x08002ff4        0x0 linker stubs

.v4_bx          0x08002ff4        0x0
 .v4_bx         0x08002ff4        0x0 linker stubs

.iplt           0x08002ff4        0x0
 .iplt          0x08002ff4        0x0 C:/ST/STM32CubeIDE_1.17.0/STM32CubeIDE/plugins/com.st.stm32cube.ide.mcu.externaltools.gnu-tools-for-stm32.12.3.rel1.win32_1.1.0.202410251130/tools/bin/../lib/gcc/arm-none-eabi/12.3.1/thumb/v7e-m+fp/hard/crtbegin.o

.rodata         0x08002ff4       0x98
                0x08002ff4                        . = ALIGN (0x4)
 *(.rodata)
 .rodata        0x08002ff4       0x98 ./Core/Src/main.o
 *(.rodata*)
                0x0800308c                        . = ALIGN (0x4)

.ARM.extab      0x0800308c        0x0
                0x0800308c                        . = ALIGN (0x4)
 *(.ARM.extab* .gnu.linkonce.armextab.*)
                0x0800308c                        . = ALIGN (0x4)

.ARM            0x0800308c        0x8
                0x0800308c                        . = ALIGN (0x4)
                0x0800308c                        __exidx_start = .
 *(.ARM.exidx*)
 .ARM.exidx     0x0800308c        0x8 C:/ST/STM32CubeIDE_1.17.0/STM32CubeIDE/plugins/com.st.stm32cube.ide.mcu.externaltools.gnu-tools-for-stm32.12.3.rel1.win32_1.1.0.202410251130/tools/bin/../lib/gcc/arm-none-eabi/12.3.1/../../../../arm-none-eabi/lib/thumb/v7e-m+fp/hard\libc_nano.a(libc_a-strlen.o)
                0x08003094                        __exidx_end = .
                0x08003094                        . = ALIGN (0x4)

.preinit_array  0x08003094        0x0
                0x08003094                        . = ALIGN (0x4)
                0x08003094                        PROVIDE (__preinit_array_start = .)
 *(.preinit_array*)
                0x08003094                        PROVIDE (__preinit_array_end = .)
                0x08003094                        . = ALIGN (0x4)

.init_array     0x08003094        0x4
                0x08003094                        . = ALIGN (0x4)
                0x08003094                        PROVIDE (__init_array_start = .)
 *(SORT_BY_NAME(.init_array.*))
 *(.init_array*)
 .init_array    0x08003094        0x4 C:/ST/STM32CubeIDE_1.17.0/STM32CubeIDE/plugins/com.st.stm32cube.ide.mcu.externaltools.gnu-tools-for-stm32.12.3.rel1.win32_1.1.0.202410251130/tools/bin/../lib/gcc/arm-none-eabi/12.3.1/thumb/v7e-m+fp/hard/crtbegin.o
                0x08003098                        PROVIDE (__init_array_end = .)
                0x08003098                        . = ALIGN (0x4)

.fini_array     0x08003098        0x4
                0x08003098                        . = ALIGN (0x4)
                [!provide]                        PROVIDE (__fini_array_start = .)
 *(SORT_BY_NAME(.fini_array.*))
 *(.fini_array*)
 .fini_array    0x08003098        0x4 C:/ST/STM32CubeIDE_1.17.0/STM32CubeIDE/plugins/com.st.stm32cube.ide.mcu.externaltools.gnu-tools-for-stm32.12.3.rel1.win32_1.1.0.202410251130/tools/bin/../lib/gcc/arm-none-eabi/12.3.1/thumb/v7e-m+fp/hard/crtbegin.o
                [!provide]                        PROVIDE (__fini_array_end = .)
                0x0800309c                        . = ALIGN (0x4)
                0x0800309c                        _sidata = LOADADDR (.data)

.rel.dyn        0x0800309c        0x0
 .rel.iplt      0x0800309c        0x0 C:/ST/STM32CubeIDE_1.17.0/STM32CubeIDE/plugins/com.st.stm32cube.ide.mcu.externaltools.gnu-tools-for-stm32.12.3.rel1.win32_1.1.0.202410251130/tools/bin/../lib/gcc/arm-none-eabi/12.3.1/thumb/v7e-m+fp/hard/crtbegin.o

.data           0x20000000       0x18 load address 0x0800309c
                0x20000000                        . = ALIGN (0x4)
                0x20000000                        _sdata = .
 *(.data)
 *(.data*)
 .data.RED_LED  0x20000000        0x4 ./Core/Src/main.o
                0x20000000                RED_LED
 .data.BLUE_LED
                0x20000004        0x4 ./Core/Src/main.o
                0x20000004                BLUE_LED
 .data.ON       0x20000008        0x4 ./Core/Src/main.o
                0x20000008                ON
 .data.SystemCoreClock
                0x2000000c        0x4 ./Core/Src/system_stm32f4xx.o
                0x2000000c                SystemCoreClock
 .data.uwTickPrio
                0x20000010        0x4 ./Drivers/STM32F4xx_HAL_Driver/Src/stm32f4xx_hal.o
                0x20000010                uwTickPrio
 .data.uwTickFreq
                0x20000014        0x1 ./Drivers/STM32F4xx_HAL_Driver/Src/stm32f4xx_hal.o
                0x20000014                uwTickFreq
 *(.RamFunc)
 *(.RamFunc*)
                0x20000018                        . = ALIGN (0x4)
 *fill*         0x20000015        0x3 
                0x20000018                        _edata = .

.igot.plt       0x20000018        0x0 load address 0x080030b4
 .igot.plt      0x20000018        0x0 C:/ST/STM32CubeIDE_1.17.0/STM32CubeIDE/plugins/com.st.stm32cube.ide.mcu.externaltools.gnu-tools-for-stm32.12.3.rel1.win32_1.1.0.202410251130/tools/bin/../lib/gcc/arm-none-eabi/12.3.1/thumb/v7e-m+fp/hard/crtbegin.o
                0x20000018                        . = ALIGN (0x4)

.bss            0x20000018      0x44c load address 0x080030b4
                0x20000018                        _sbss = .
                0x20000018                        __bss_start__ = _sbss
 *(.bss)
 .bss           0x20000018       0x1c C:/ST/STM32CubeIDE_1.17.0/STM32CubeIDE/plugins/com.st.stm32cube.ide.mcu.externaltools.gnu-tools-for-stm32.12.3.rel1.win32_1.1.0.202410251130/tools/bin/../lib/gcc/arm-none-eabi/12.3.1/thumb/v7e-m+fp/hard/crtbegin.o
 *(.bss*)
 .bss.OFF       0x20000034        0x4 ./Core/Src/main.o
                0x20000034                OFF
 .bss.cmd       0x20000038       0x20 ./Core/Src/main.o
                0x20000038                cmd
 .bss.cmd_index
                0x20000058        0x4 ./Core/Src/main.o
                0x20000058                cmd_index
 .bss.rx_buf    0x2000005c       0x20 ./Core/Src/main.o
                0x2000005c                rx_buf
 .bss.recv_completed
                0x2000007c        0x1 ./Core/Src/main.o
                0x2000007c                recv_completed
 *fill*         0x2000007d        0x3 
 .bss.uwTick    0x20000080        0x4 ./Drivers/STM32F4xx_HAL_Driver/Src/stm32f4xx_hal.o
                0x20000080                uwTick
 .bss.hhcd_USB_OTG_FS
                0x20000084      0x3e0 ./USB_HOST/Target/usbh_conf.o
                0x20000084                hhcd_USB_OTG_FS
 *(COMMON)
                0x20000464                        . = ALIGN (0x4)
                0x20000464                        _ebss = .
                0x20000464                        __bss_end__ = _ebss

._user_heap_stack
                0x20000464      0x604 load address 0x080030b4
                0x20000468                        . = ALIGN (0x8)
 *fill*         0x20000464        0x4 
                [!provide]                        PROVIDE (end = .)
                0x20000468                        PROVIDE (_end = .)
                0x20000668                        . = (. + _Min_Heap_Size)
 *fill*         0x20000468      0x200 
                0x20000a68                        . = (. + _Min_Stack_Size)
 *fill*         0x20000668      0x400 
                0x20000a68                        . = ALIGN (0x8)

/DISCARD/
 libc.a(*)
 libm.a(*)
 libgcc.a(*)

.ARM.attributes
                0x00000000       0x30
 *(.ARM.attributes)
 .ARM.attributes
                0x00000000       0x22 C:/ST/STM32CubeIDE_1.17.0/STM32CubeIDE/plugins/com.st.stm32cube.ide.mcu.externaltools.gnu-tools-for-stm32.12.3.rel1.win32_1.1.0.202410251130/tools/bin/../lib/gcc/arm-none-eabi/12.3.1/thumb/v7e-m+fp/hard/crti.o
 .ARM.attributes
                0x00000022       0x34 C:/ST/STM32CubeIDE_1.17.0/STM32CubeIDE/plugins/com.st.stm32cube.ide.mcu.externaltools.gnu-tools-for-stm32.12.3.rel1.win32_1.1.0.202410251130/tools/bin/../lib/gcc/arm-none-eabi/12.3.1/thumb/v7e-m+fp/hard/crtbegin.o
 .ARM.attributes
                0x00000056       0x34 ./Core/Src/main.o
 .ARM.attributes
                0x0000008a       0x34 ./Core/Src/stm32f4xx_hal_msp.o
 .ARM.attributes
                0x000000be       0x34 ./Core/Src/stm32f4xx_it.o
 .ARM.attributes
                0x000000f2       0x34 ./Core/Src/system_stm32f4xx.o
 .ARM.attributes
                0x00000126       0x21 ./Core/Startup/startup_stm32f411vetx.o
 .ARM.attributes
                0x00000147       0x34 ./Drivers/STM32F4xx_HAL_Driver/Src/stm32f4xx_hal.o
 .ARM.attributes
                0x0000017b       0x34 ./Drivers/STM32F4xx_HAL_Driver/Src/stm32f4xx_hal_cortex.o
 .ARM.attributes
                0x000001af       0x34 ./Drivers/STM32F4xx_HAL_Driver/Src/stm32f4xx_hal_hcd.o
 .ARM.attributes
                0x000001e3       0x34 ./Drivers/STM32F4xx_HAL_Driver/Src/stm32f4xx_ll_usb.o
 .ARM.attributes
                0x00000217       0x34 ./Middlewares/ST/STM32_USB_Host_Library/Core/Src/usbh_core.o
 .ARM.attributes
                0x0000024b       0x34 ./Middlewares/ST/STM32_USB_Host_Library/Core/Src/usbh_pipes.o
 .ARM.attributes
                0x0000027f       0x34 ./USB_HOST/Target/usbh_conf.o
 .ARM.attributes
                0x000002b3       0x34 C:/ST/STM32CubeIDE_1.17.0/STM32CubeIDE/plugins/com.st.stm32cube.ide.mcu.externaltools.gnu-tools-for-stm32.12.3.rel1.win32_1.1.0.202410251130/tools/bin/../lib/gcc/arm-none-eabi/12.3.1/../../../../arm-none-eabi/lib/thumb/v7e-m+fp/hard\libc_nano.a(libc_a-memset.o)
 .ARM.attributes
                0x000002e7       0x34 C:/ST/STM32CubeIDE_1.17.0/STM32CubeIDE/plugins/com.st.stm32cube.ide.mcu.externaltools.gnu-tools-for-stm32.12.3.rel1.win32_1.1.0.202410251130/tools/bin/../lib/gcc/arm-none-eabi/12.3.1/../../../../arm-none-eabi/lib/thumb/v7e-m+fp/hard\libc_nano.a(libc_a-strchr.o)
 .ARM.attributes
                0x0000031b       0x34 C:/ST/STM32CubeIDE_1.17.0/STM32CubeIDE/plugins/com.st.stm32cube.ide.mcu.externaltools.gnu-tools-for-stm32.12.3.rel1.win32_1.1.0.202410251130/tools/bin/../lib/gcc/arm-none-eabi/12.3.1/../../../../arm-none-eabi/lib/thumb/v7e-m+fp/hard\libc_nano.a(libc_a-strstr.o)
 .ARM.attributes
                0x0000034f       0x34 C:/ST/STM32CubeIDE_1.17.0/STM32CubeIDE/plugins/com.st.stm32cube.ide.mcu.externaltools.gnu-tools-for-stm32.12.3.rel1.win32_1.1.0.202410251130/tools/bin/../lib/gcc/arm-none-eabi/12.3.1/../../../../arm-none-eabi/lib/thumb/v7e-m+fp/hard\libc_nano.a(libc_a-init.o)
 .ARM.attributes
                0x00000383       0x17 C:/ST/STM32CubeIDE_1.17.0/STM32CubeIDE/plugins/com.st.stm32cube.ide.mcu.externaltools.gnu-tools-for-stm32.12.3.rel1.win32_1.1.0.202410251130/tools/bin/../lib/gcc/arm-none-eabi/12.3.1/../../../../arm-none-eabi/lib/thumb/v7e-m+fp/hard\libc_nano.a(libc_a-strlen.o)
 .ARM.attributes
                0x0000039a       0x22 C:/ST/STM32CubeIDE_1.17.0/STM32CubeIDE/plugins/com.st.stm32cube.ide.mcu.externaltools.gnu-tools-for-stm32.12.3.rel1.win32_1.1.0.202410251130/tools/bin/../lib/gcc/arm-none-eabi/12.3.1/thumb/v7e-m+fp/hard/crtn.o
OUTPUT(Firmware_2.elf elf32-littlearm)
LOAD linker stubs
LOAD C:/ST/STM32CubeIDE_1.17.0/STM32CubeIDE/plugins/com.st.stm32cube.ide.mcu.externaltools.gnu-tools-for-stm32.12.3.rel1.win32_1.1.0.202410251130/tools/bin/../lib/gcc/arm-none-eabi/12.3.1/../../../../arm-none-eabi/lib/thumb/v7e-m+fp/hard\libc.a
LOAD C:/ST/STM32CubeIDE_1.17.0/STM32CubeIDE/plugins/com.st.stm32cube.ide.mcu.externaltools.gnu-tools-for-stm32.12.3.rel1.win32_1.1.0.202410251130/tools/bin/../lib/gcc/arm-none-eabi/12.3.1/../../../../arm-none-eabi/lib/thumb/v7e-m+fp/hard\libm.a
LOAD C:/ST/STM32CubeIDE_1.17.0/STM32CubeIDE/plugins/com.st.stm32cube.ide.mcu.externaltools.gnu-tools-for-stm32.12.3.rel1.win32_1.1.0.202410251130/tools/bin/../lib/gcc/arm-none-eabi/12.3.1/thumb/v7e-m+fp/hard\libgcc.a

.debug_info     0x00000000     0x9b3b
 .debug_info    0x00000000      0x88c ./Core/Src/main.o
 .debug_info    0x0000088c      0xf3b ./Core/Src/stm32f4xx_hal_msp.o
 .debug_info    0x000017c7      0x6a5 ./Core/Src/stm32f4xx_it.o
 .debug_info    0x00001e6c      0x53e ./Core/Src/system_stm32f4xx.o
 .debug_info    0x000023aa       0x30 ./Core/Startup/startup_stm32f411vetx.o
 .debug_info    0x000023da      0x8c4 ./Drivers/STM32F4xx_HAL_Driver/Src/stm32f4xx_hal.o
 .debug_info    0x00002c9e      0xcfc ./Drivers/STM32F4xx_HAL_Driver/Src/stm32f4xx_hal_cortex.o
 .debug_info    0x0000399a     0x114c ./Drivers/STM32F4xx_HAL_Driver/Src/stm32f4xx_hal_hcd.o
 .debug_info    0x00004ae6     0x1993 ./Drivers/STM32F4xx_HAL_Driver/Src/stm32f4xx_ll_usb.o
 .debug_info    0x00006479      0xfb2 ./Middlewares/ST/STM32_USB_Host_Library/Core/Src/usbh_core.o
 .debug_info    0x0000742b      0xa8e ./Middlewares/ST/STM32_USB_Host_Library/Core/Src/usbh_pipes.o
 .debug_info    0x00007eb9     0x1c82 ./USB_HOST/Target/usbh_conf.o

.debug_abbrev   0x00000000     0x1c04
 .debug_abbrev  0x00000000      0x302 ./Core/Src/main.o
 .debug_abbrev  0x00000302      0x202 ./Core/Src/stm32f4xx_hal_msp.o
 .debug_abbrev  0x00000504      0x1a4 ./Core/Src/stm32f4xx_it.o
 .debug_abbrev  0x000006a8      0x11a ./Core/Src/system_stm32f4xx.o
 .debug_abbrev  0x000007c2       0x24 ./Core/Startup/startup_stm32f411vetx.o
 .debug_abbrev  0x000007e6      0x24b ./Drivers/STM32F4xx_HAL_Driver/Src/stm32f4xx_hal.o
 .debug_abbrev  0x00000a31      0x31d ./Drivers/STM32F4xx_HAL_Driver/Src/stm32f4xx_hal_cortex.o
 .debug_abbrev  0x00000d4e      0x296 ./Drivers/STM32F4xx_HAL_Driver/Src/stm32f4xx_hal_hcd.o
 .debug_abbrev  0x00000fe4      0x2b3 ./Drivers/STM32F4xx_HAL_Driver/Src/stm32f4xx_ll_usb.o
 .debug_abbrev  0x00001297      0x32a ./Middlewares/ST/STM32_USB_Host_Library/Core/Src/usbh_core.o
 .debug_abbrev  0x000015c1      0x281 ./Middlewares/ST/STM32_USB_Host_Library/Core/Src/usbh_pipes.o
 .debug_abbrev  0x00001842      0x3c2 ./USB_HOST/Target/usbh_conf.o

.debug_aranges  0x00000000      0x850
 .debug_aranges
                0x00000000       0xa8 ./Core/Src/main.o
 .debug_aranges
                0x000000a8       0x50 ./Core/Src/stm32f4xx_hal_msp.o
 .debug_aranges
                0x000000f8       0x68 ./Core/Src/stm32f4xx_it.o
 .debug_aranges
                0x00000160       0x28 ./Core/Src/system_stm32f4xx.o
 .debug_aranges
                0x00000188       0x28 ./Core/Startup/startup_stm32f411vetx.o
 .debug_aranges
                0x000001b0       0xf0 ./Drivers/STM32F4xx_HAL_Driver/Src/stm32f4xx_hal.o
 .debug_aranges
                0x000002a0      0x130 ./Drivers/STM32F4xx_HAL_Driver/Src/stm32f4xx_hal_cortex.o
 .debug_aranges
                0x000003d0      0x108 ./Drivers/STM32F4xx_HAL_Driver/Src/stm32f4xx_hal_hcd.o
 .debug_aranges
                0x000004d8      0x1a0 ./Drivers/STM32F4xx_HAL_Driver/Src/stm32f4xx_ll_usb.o
 .debug_aranges
                0x00000678       0xc0 ./Middlewares/ST/STM32_USB_Host_Library/Core/Src/usbh_core.o
 .debug_aranges
                0x00000738       0x40 ./Middlewares/ST/STM32_USB_Host_Library/Core/Src/usbh_pipes.o
 .debug_aranges
                0x00000778       0xd8 ./USB_HOST/Target/usbh_conf.o

.debug_rnglists
                0x00000000      0x62c
 .debug_rnglists
                0x00000000       0x7e ./Core/Src/main.o
 .debug_rnglists
                0x0000007e       0x3a ./Core/Src/stm32f4xx_hal_msp.o
 .debug_rnglists
                0x000000b8       0x49 ./Core/Src/stm32f4xx_it.o
 .debug_rnglists
                0x00000101       0x1a ./Core/Src/system_stm32f4xx.o
 .debug_rnglists
                0x0000011b       0x19 ./Core/Startup/startup_stm32f411vetx.o
 .debug_rnglists
                0x00000134       0xaf ./Drivers/STM32F4xx_HAL_Driver/Src/stm32f4xx_hal.o
 .debug_rnglists
                0x000001e3       0xe0 ./Drivers/STM32F4xx_HAL_Driver/Src/stm32f4xx_hal_cortex.o
 .debug_rnglists
                0x000002c3       0xca ./Drivers/STM32F4xx_HAL_Driver/Src/stm32f4xx_hal_hcd.o
 .debug_rnglists
                0x0000038d      0x147 ./Drivers/STM32F4xx_HAL_Driver/Src/stm32f4xx_ll_usb.o
 .debug_rnglists
                0x000004d4       0x8f ./Middlewares/ST/STM32_USB_Host_Library/Core/Src/usbh_core.o
 .debug_rnglists
                0x00000563       0x2b ./Middlewares/ST/STM32_USB_Host_Library/Core/Src/usbh_pipes.o
 .debug_rnglists
                0x0000058e       0x9e ./USB_HOST/Target/usbh_conf.o

.debug_macro    0x00000000    0x165ce
 .debug_macro   0x00000000      0x324 ./Core/Src/main.o
 .debug_macro   0x00000324      0xab4 ./Core/Src/main.o
 .debug_macro   0x00000dd8      0x2a7 ./Core/Src/main.o
 .debug_macro   0x0000107f       0x2e ./Core/Src/main.o
 .debug_macro   0x000010ad       0x28 ./Core/Src/main.o
 .debug_macro   0x000010d5       0x22 ./Core/Src/main.o
 .debug_macro   0x000010f7       0x8e ./Core/Src/main.o
 .debug_macro   0x00001185       0x51 ./Core/Src/main.o
 .debug_macro   0x000011d6      0x103 ./Core/Src/main.o
 .debug_macro   0x000012d9       0x6a ./Core/Src/main.o
 .debug_macro   0x00001343      0x1df ./Core/Src/main.o
 .debug_macro   0x00001522       0x1c ./Core/Src/main.o
 .debug_macro   0x0000153e       0x22 ./Core/Src/main.o
 .debug_macro   0x00001560       0xfb ./Core/Src/main.o
 .debug_macro   0x0000165b     0x1011 ./Core/Src/main.o
 .debug_macro   0x0000266c      0x11f ./Core/Src/main.o
 .debug_macro   0x0000278b     0xb953 ./Core/Src/main.o
 .debug_macro   0x0000e0de       0x6d ./Core/Src/main.o
 .debug_macro   0x0000e14b     0x369a ./Core/Src/main.o
 .debug_macro   0x000117e5      0x189 ./Core/Src/main.o
 .debug_macro   0x0001196e       0x5c ./Core/Src/main.o
 .debug_macro   0x000119ca      0x45c ./Core/Src/main.o
 .debug_macro   0x00011e26      0x9e9 ./Core/Src/main.o
 .debug_macro   0x0001280f      0x115 ./Core/Src/main.o
 .debug_macro   0x00012924      0x11b ./Core/Src/main.o
 .debug_macro   0x00012a3f       0xa5 ./Core/Src/main.o
 .debug_macro   0x00012ae4      0x15f ./Core/Src/main.o
 .debug_macro   0x00012c43      0x287 ./Core/Src/main.o
 .debug_macro   0x00012eca       0x5f ./Core/Src/main.o
 .debug_macro   0x00012f29      0x236 ./Core/Src/main.o
 .debug_macro   0x0001315f      0x132 ./Core/Src/main.o
 .debug_macro   0x00013291      0x264 ./Core/Src/main.o
 .debug_macro   0x000134f5       0x2e ./Core/Src/main.o
 .debug_macro   0x00013523      0x1b5 ./Core/Src/main.o
 .debug_macro   0x000136d8       0x22 ./Core/Src/main.o
 .debug_macro   0x000136fa       0xd6 ./Core/Src/main.o
 .debug_macro   0x000137d0      0x1a7 ./Core/Src/main.o
 .debug_macro   0x00013977       0x46 ./Core/Src/main.o
 .debug_macro   0x000139bd       0x4a ./Core/Src/main.o
 .debug_macro   0x00013a07      0x127 ./Core/Src/main.o
 .debug_macro   0x00013b2e       0x85 ./Core/Src/main.o
 .debug_macro   0x00013bb3       0x89 ./Core/Src/main.o
 .debug_macro   0x00013c3c      0x225 ./Core/Src/main.o
 .debug_macro   0x00013e61      0x293 ./Core/Src/main.o
 .debug_macro   0x000140f4       0x98 ./Core/Src/main.o
 .debug_macro   0x0001418c      0x126 ./Core/Src/main.o
 .debug_macro   0x000142b2      0x19c ./Core/Src/main.o
 .debug_macro   0x0001444e       0x61 ./Core/Src/main.o
 .debug_macro   0x000144af       0x2a ./Core/Src/main.o
 .debug_macro   0x000144d9       0x43 ./Core/Src/main.o
 .debug_macro   0x0001451c       0x34 ./Core/Src/main.o
 .debug_macro   0x00014550       0x16 ./Core/Src/main.o
 .debug_macro   0x00014566       0x43 ./Core/Src/main.o
 .debug_macro   0x000145a9       0x34 ./Core/Src/main.o
 .debug_macro   0x000145dd       0x10 ./Core/Src/main.o
 .debug_macro   0x000145ed       0x58 ./Core/Src/main.o
 .debug_macro   0x00014645       0x8e ./Core/Src/main.o
 .debug_macro   0x000146d3       0x1c ./Core/Src/main.o
 .debug_macro   0x000146ef      0x177 ./Core/Src/main.o
 .debug_macro   0x00014866      0x369 ./Core/Src/main.o
 .debug_macro   0x00014bcf       0x10 ./Core/Src/main.o
 .debug_macro   0x00014bdf       0x35 ./Core/Src/main.o
 .debug_macro   0x00014c14       0x20 ./Core/Src/main.o
 .debug_macro   0x00014c34      0x214 ./Core/Src/stm32f4xx_hal_msp.o
 .debug_macro   0x00014e48      0x21e ./Core/Src/stm32f4xx_it.o
 .debug_macro   0x00015066      0x205 ./Core/Src/system_stm32f4xx.o
 .debug_macro   0x0001526b      0x265 ./Drivers/STM32F4xx_HAL_Driver/Src/stm32f4xx_hal.o
 .debug_macro   0x000154d0      0x205 ./Drivers/STM32F4xx_HAL_Driver/Src/stm32f4xx_hal_cortex.o
 .debug_macro   0x000156d5      0x205 ./Drivers/STM32F4xx_HAL_Driver/Src/stm32f4xx_hal_hcd.o
 .debug_macro   0x000158da      0x205 ./Drivers/STM32F4xx_HAL_Driver/Src/stm32f4xx_ll_usb.o
 .debug_macro   0x00015adf      0x3a9 ./Middlewares/ST/STM32_USB_Host_Library/Core/Src/usbh_core.o
 .debug_macro   0x00015e88      0x39b ./Middlewares/ST/STM32_USB_Host_Library/Core/Src/usbh_pipes.o
 .debug_macro   0x00016223      0x3ab ./USB_HOST/Target/usbh_conf.o

.debug_line     0x00000000     0x9c7a
 .debug_line    0x00000000      0xd16 ./Core/Src/main.o
 .debug_line    0x00000d16      0x8f0 ./Core/Src/stm32f4xx_hal_msp.o
 .debug_line    0x00001606      0x87e ./Core/Src/stm32f4xx_it.o
 .debug_line    0x00001e84      0x828 ./Core/Src/system_stm32f4xx.o
 .debug_line    0x000026ac       0x7a ./Core/Startup/startup_stm32f411vetx.o
 .debug_line    0x00002726      0xa91 ./Drivers/STM32F4xx_HAL_Driver/Src/stm32f4xx_hal.o
 .debug_line    0x000031b7      0xd83 ./Drivers/STM32F4xx_HAL_Driver/Src/stm32f4xx_hal_cortex.o
 .debug_line    0x00003f3a     0x1552 ./Drivers/STM32F4xx_HAL_Driver/Src/stm32f4xx_hal_hcd.o
 .debug_line    0x0000548c     0x1e10 ./Drivers/STM32F4xx_HAL_Driver/Src/stm32f4xx_ll_usb.o
 .debug_line    0x0000729c     0x11c1 ./Middlewares/ST/STM32_USB_Host_Library/Core/Src/usbh_core.o
 .debug_line    0x0000845d      0xaaf ./Middlewares/ST/STM32_USB_Host_Library/Core/Src/usbh_pipes.o
 .debug_line    0x00008f0c      0xd6e ./USB_HOST/Target/usbh_conf.o

.debug_str      0x00000000    0x8bd46
 .debug_str     0x00000000    0x8715f ./Core/Src/main.o
                              0x8740f (size before relaxing)
 .debug_str     0x0008715f      0x8b9 ./Core/Src/stm32f4xx_hal_msp.o
                              0x84821 (size before relaxing)
 .debug_str     0x00087a18      0x4b9 ./Core/Src/stm32f4xx_it.o
                              0x8433b (size before relaxing)
 .debug_str     0x00087ed1       0xdb ./Core/Src/system_stm32f4xx.o
                              0x8390d (size before relaxing)
 .debug_str     0x00087fac       0x44 ./Core/Startup/startup_stm32f411vetx.o
                                 0x8d (size before relaxing)
 .debug_str     0x00087ff0      0x99b ./Drivers/STM32F4xx_HAL_Driver/Src/stm32f4xx_hal.o
                              0x84339 (size before relaxing)
 .debug_str     0x0008898b      0x39c ./Drivers/STM32F4xx_HAL_Driver/Src/stm32f4xx_hal_cortex.o
                              0x840a3 (size before relaxing)
 .debug_str     0x00088d27      0x5ee ./Drivers/STM32F4xx_HAL_Driver/Src/stm32f4xx_hal_hcd.o
                              0x841e3 (size before relaxing)
 .debug_str     0x00089315      0x51d ./Drivers/STM32F4xx_HAL_Driver/Src/stm32f4xx_ll_usb.o
                              0x842b4 (size before relaxing)
 .debug_str     0x00089832     0x22f6 ./Middlewares/ST/STM32_USB_Host_Library/Core/Src/usbh_core.o
                              0x892fc (size before relaxing)
 .debug_str     0x0008bb28       0x98 ./Middlewares/ST/STM32_USB_Host_Library/Core/Src/usbh_pipes.o
                              0x8902d (size before relaxing)
 .debug_str     0x0008bbc0      0x186 ./USB_HOST/Target/usbh_conf.o
                              0x89e55 (size before relaxing)

.comment        0x00000000       0x43
 .comment       0x00000000       0x43 ./Core/Src/main.o
                                 0x44 (size before relaxing)
 .comment       0x00000043       0x44 ./Core/Src/stm32f4xx_hal_msp.o
 .comment       0x00000043       0x44 ./Core/Src/stm32f4xx_it.o
 .comment       0x00000043       0x44 ./Core/Src/system_stm32f4xx.o
 .comment       0x00000043       0x44 ./Drivers/STM32F4xx_HAL_Driver/Src/stm32f4xx_hal.o
 .comment       0x00000043       0x44 ./Drivers/STM32F4xx_HAL_Driver/Src/stm32f4xx_hal_cortex.o
 .comment       0x00000043       0x44 ./Drivers/STM32F4xx_HAL_Driver/Src/stm32f4xx_hal_hcd.o
 .comment       0x00000043       0x44 ./Drivers/STM32F4xx_HAL_Driver/Src/stm32f4xx_ll_usb.o
 .comment       0x00000043       0x44 ./Middlewares/ST/STM32_USB_Host_Library/Core/Src/usbh_core.o
 .comment       0x00000043       0x44 ./Middlewares/ST/STM32_USB_Host_Library/Core/Src/usbh_pipes.o
 .comment       0x00000043       0x44 ./USB_HOST/Target/usbh_conf.o

.debug_frame    0x00000000     0x2238
 .debug_frame   0x00000000      0x2c0 ./Core/Src/main.o
 .debug_frame   0x000002c0      0x10c ./Core/Src/stm32f4xx_hal_msp.o
 .debug_frame   0x000003cc      0x120 ./Core/Src/stm32f4xx_it.o
 .debug_frame   0x000004ec       0x58 ./Core/Src/system_stm32f4xx.o
 .debug_frame   0x00000544      0x374 ./Drivers/STM32F4xx_HAL_Driver/Src/stm32f4xx_hal.o
 .debug_frame   0x000008b8      0x508 ./Drivers/STM32F4xx_HAL_Driver/Src/stm32f4xx_hal_cortex.o
 .debug_frame   0x00000dc0      0x498 ./Drivers/STM32F4xx_HAL_Driver/Src/stm32f4xx_hal_hcd.o
 .debug_frame   0x00001258      0x7c0 ./Drivers/STM32F4xx_HAL_Driver/Src/stm32f4xx_ll_usb.o
 .debug_frame   0x00001a18      0x334 ./Middlewares/ST/STM32_USB_Host_Library/Core/Src/usbh_core.o
 .debug_frame   0x00001d4c       0xcc ./Middlewares/ST/STM32_USB_Host_Library/Core/Src/usbh_pipes.o
 .debug_frame   0x00001e18      0x388 ./USB_HOST/Target/usbh_conf.o
 .debug_frame   0x000021a0       0x20 C:/ST/STM32CubeIDE_1.17.0/STM32CubeIDE/plugins/com.st.stm32cube.ide.mcu.externaltools.gnu-tools-for-stm32.12.3.rel1.win32_1.1.0.202410251130/tools/bin/../lib/gcc/arm-none-eabi/12.3.1/../../../../arm-none-eabi/lib/thumb/v7e-m+fp/hard\libc_nano.a(libc_a-memset.o)
 .debug_frame   0x000021c0       0x20 C:/ST/STM32CubeIDE_1.17.0/STM32CubeIDE/plugins/com.st.stm32cube.ide.mcu.externaltools.gnu-tools-for-stm32.12.3.rel1.win32_1.1.0.202410251130/tools/bin/../lib/gcc/arm-none-eabi/12.3.1/../../../../arm-none-eabi/lib/thumb/v7e-m+fp/hard\libc_nano.a(libc_a-strchr.o)
 .debug_frame   0x000021e0       0x2c C:/ST/STM32CubeIDE_1.17.0/STM32CubeIDE/plugins/com.st.stm32cube.ide.mcu.externaltools.gnu-tools-for-stm32.12.3.rel1.win32_1.1.0.202410251130/tools/bin/../lib/gcc/arm-none-eabi/12.3.1/../../../../arm-none-eabi/lib/thumb/v7e-m+fp/hard\libc_nano.a(libc_a-strstr.o)
 .debug_frame   0x0000220c       0x2c C:/ST/STM32CubeIDE_1.17.0/STM32CubeIDE/plugins/com.st.stm32cube.ide.mcu.externaltools.gnu-tools-for-stm32.12.3.rel1.win32_1.1.0.202410251130/tools/bin/../lib/gcc/arm-none-eabi/12.3.1/../../../../arm-none-eabi/lib/thumb/v7e-m+fp/hard\libc_nano.a(libc_a-init.o)

.debug_line_str
                0x00000000       0x71
 .debug_line_str
                0x00000000       0x71 ./Core/Startup/startup_stm32f411vetx.o
