../Core/Src/main.c:20:6:Button_Init	16	static
../Core/Src/main.c:45:6:Led_Init	16	static
../Core/Src/main.c:67:6:Led_Ctrl	24	static
../Core/Src/main.c:77:5:Button_Status	16	static
../Core/Src/main.c:96:6:Button_Interrupt_Int	24	static
../Core/Src/main.c:121:6:EXTI0_IRQHandler	24	static
../Core/Src/main.c:140:6:uart_init	32	static
../Core/Src/main.c:172:6:uart_send_one_byte	24	static
../Core/Src/main.c:184:6:uart_send_string	24	static
../Core/Src/main.c:195:6:uart_receive_one_byte	16	static
../Core/Src/main.c:206:5:main	8	static
