../Core/Src/main.c:20:6:Button_Init	16	static
../Core/Src/main.c:45:6:Led_Init	16	static
../Core/Src/main.c:69:6:Led_Ctrl	24	static
../Core/Src/main.c:79:5:Button_Status	16	static
../Core/Src/main.c:98:6:Button_Interrupt_Int	24	static
../Core/Src/main.c:123:6:EXTI0_IRQHandler	24	static
../Core/Src/main.c:136:6:Uart_Init	32	static
../Core/Src/main.c:168:6:uart_send_one_byte	24	static
../Core/Src/main.c:180:6:uart_send_string	24	static
../Core/Src/main.c:191:6:uart_receive_one_byte	16	static
../Core/Src/main.c:211:6:Uart_Interrupt_Init	16	static
../Core/Src/main.c:224:6:USART1_IRQHandler	16	static
../Core/Src/main.c:287:6:DMA_Interrupt_Init	16	static
../Core/Src/main.c:298:6:DMA_Uart1_RX_Init	32	static
../Core/Src/main.c:329:6:DMA2_Stream2_IRQHandler	16	static
../Core/Src/main.c:373:6:Flash_Erase	32	static
../Core/Src/main.c:402:6:Flash_Program	40	static
../Core/Src/main.c:431:6:Flash_Read	32	static
../Core/Src/main.c:487:6:current_firmware_init	32	static
../Core/Src/main.c:498:6:swap_fw_func	128008	static
../Core/Src/main.c:516:5:check_info	24	static
../Core/Src/main.c:541:5:main	8	static
